ARM GAS  /tmp/cccosvN7.s 			page 1


   1              		.cpu cortex-m4
   2              		.eabi_attribute 27, 1
   3              		.eabi_attribute 20, 1
   4              		.eabi_attribute 21, 1
   5              		.eabi_attribute 23, 3
   6              		.eabi_attribute 24, 1
   7              		.eabi_attribute 25, 1
   8              		.eabi_attribute 26, 1
   9              		.eabi_attribute 30, 2
  10              		.eabi_attribute 34, 1
  11              		.eabi_attribute 18, 4
  12              		.file	"c++.cpp"
  13              		.text
  14              		.section	.text._Znwj,"ax",%progbits
  15              		.align	1
  16              		.p2align 4,,15
  17              		.global	_Znwj
  18              		.arch armv7e-m
  19              		.syntax unified
  20              		.thumb
  21              		.thumb_func
  22              		.fpu fpv4-sp-d16
  23              		.type	_Znwj, %function
  24              	_Znwj:
  25              		.fnstart
  26              	.LFB7:
  27              		@ args = 0, pretend = 0, frame = 0
  28              		@ frame_needed = 0, uses_anonymous_args = 0
  29              		@ link register save eliminated.
  30 0000 0121     		movs	r1, #1
  31 0002 8842     		cmp	r0, r1
  32 0004 38BF     		it	cc
  33 0006 0846     		movcc	r0, r1
  34 0008 FFF7FEBF 		b	calloc
  35              		.cantunwind
  36              		.fnend
  37              		.size	_Znwj, .-_Znwj
  38              		.section	.text._ZdlPv,"ax",%progbits
  39              		.align	1
  40              		.p2align 4,,15
  41              		.global	_ZdlPv
  42              		.syntax unified
  43              		.thumb
  44              		.thumb_func
  45              		.fpu fpv4-sp-d16
  46              		.type	_ZdlPv, %function
  47              	_ZdlPv:
  48              		.fnstart
  49              	.LFB8:
  50              		@ args = 0, pretend = 0, frame = 0
  51              		@ frame_needed = 0, uses_anonymous_args = 0
  52              		@ link register save eliminated.
  53 0000 08B1     		cbz	r0, .L3
  54 0002 FFF7FEBF 		b	free
  55              	.L3:
  56 0006 7047     		bx	lr
  57              		.cantunwind
ARM GAS  /tmp/cccosvN7.s 			page 2


  58              		.fnend
  59              		.size	_ZdlPv, .-_ZdlPv
  60              		.section	.text._Znaj,"ax",%progbits
  61              		.align	1
  62              		.p2align 4,,15
  63              		.global	_Znaj
  64              		.syntax unified
  65              		.thumb
  66              		.thumb_func
  67              		.fpu fpv4-sp-d16
  68              		.type	_Znaj, %function
  69              	_Znaj:
  70              		.fnstart
  71              	.LFB12:
  72              		@ args = 0, pretend = 0, frame = 0
  73              		@ frame_needed = 0, uses_anonymous_args = 0
  74              		@ link register save eliminated.
  75 0000 0121     		movs	r1, #1
  76 0002 8842     		cmp	r0, r1
  77 0004 38BF     		it	cc
  78 0006 0846     		movcc	r0, r1
  79 0008 FFF7FEBF 		b	calloc
  80              		.cantunwind
  81              		.fnend
  82              		.size	_Znaj, .-_Znaj
  83              		.section	.text._ZdaPv,"ax",%progbits
  84              		.align	1
  85              		.p2align 4,,15
  86              		.global	_ZdaPv
  87              		.syntax unified
  88              		.thumb
  89              		.thumb_func
  90              		.fpu fpv4-sp-d16
  91              		.type	_ZdaPv, %function
  92              	_ZdaPv:
  93              		.fnstart
  94              	.LFB14:
  95              		@ args = 0, pretend = 0, frame = 0
  96              		@ frame_needed = 0, uses_anonymous_args = 0
  97              		@ link register save eliminated.
  98 0000 08B1     		cbz	r0, .L6
  99 0002 FFF7FEBF 		b	free
 100              	.L6:
 101 0006 7047     		bx	lr
 102              		.cantunwind
 103              		.fnend
 104              		.size	_ZdaPv, .-_ZdaPv
 105              		.ident	"GCC: (15:10.3-2021.07-4) 10.3.1 20210621 (release)"
ARM GAS  /tmp/cccosvN7.s 			page 3


DEFINED SYMBOLS
                            *ABS*:0000000000000000 c++.cpp
     /tmp/cccosvN7.s:15     .text._Znwj:0000000000000000 $t
     /tmp/cccosvN7.s:24     .text._Znwj:0000000000000000 _Znwj
            .ARM.exidx.text._Znwj:0000000000000000 $d
     /tmp/cccosvN7.s:39     .text._ZdlPv:0000000000000000 $t
     /tmp/cccosvN7.s:47     .text._ZdlPv:0000000000000000 _ZdlPv
           .ARM.exidx.text._ZdlPv:0000000000000000 $d
     /tmp/cccosvN7.s:61     .text._Znaj:0000000000000000 $t
     /tmp/cccosvN7.s:69     .text._Znaj:0000000000000000 _Znaj
            .ARM.exidx.text._Znaj:0000000000000000 $d
     /tmp/cccosvN7.s:84     .text._ZdaPv:0000000000000000 $t
     /tmp/cccosvN7.s:92     .text._ZdaPv:0000000000000000 _ZdaPv
           .ARM.exidx.text._ZdaPv:0000000000000000 $d

UNDEFINED SYMBOLS
calloc
free
