ARM GAS  /tmp/ccV7wokj.s 			page 1


   1              		.cpu cortex-m4
   2              		.eabi_attribute 27, 1
   3              		.eabi_attribute 20, 1
   4              		.eabi_attribute 21, 1
   5              		.eabi_attribute 23, 3
   6              		.eabi_attribute 24, 1
   7              		.eabi_attribute 25, 1
   8              		.eabi_attribute 26, 1
   9              		.eabi_attribute 30, 2
  10              		.eabi_attribute 34, 1
  11              		.eabi_attribute 18, 4
  12              		.file	"chinstances.c"
  13              		.text
  14              		.section	.text.__idle_thread,"ax",%progbits
  15              		.align	1
  16              		.p2align 4,,15
  17              		.arch armv7e-m
  18              		.syntax unified
  19              		.thumb
  20              		.thumb_func
  21              		.fpu fpv4-sp-d16
  22              		.type	__idle_thread, %function
  23              	__idle_thread:
  24              		@ Volatile: function does not return.
  25              		@ args = 0, pretend = 0, frame = 0
  26              		@ frame_needed = 0, uses_anonymous_args = 0
  27              		@ link register save eliminated.
  28              	.L2:
  29 0000 FEE7     		b	.L2
  30              		.size	__idle_thread, .-__idle_thread
  31 0002 00BF     		.section	.rodata.chInstanceObjectInit.str1.4,"aMS",%progbits,1
  32              		.align	2
  33              	.LC0:
  34 0000 69646C65 		.ascii	"idle\000"
  34      00
  35              		.section	.text.chInstanceObjectInit,"ax",%progbits
  36              		.align	1
  37              		.p2align 4,,15
  38              		.global	chInstanceObjectInit
  39              		.syntax unified
  40              		.thumb
  41              		.thumb_func
  42              		.fpu fpv4-sp-d16
  43              		.type	chInstanceObjectInit, %function
  44              	chInstanceObjectInit:
  45              		@ args = 0, pretend = 0, frame = 24
  46              		@ frame_needed = 0, uses_anonymous_args = 0
  47 0000 F0B5     		push	{r4, r5, r6, r7, lr}
  48 0002 274B     		ldr	r3, .L6
  49 0004 8163     		str	r1, [r0, #56]
  50 0006 0025     		movs	r5, #0
  51 0008 0446     		mov	r4, r0
  52 000a 87B0     		sub	sp, sp, #28
  53 000c 0563     		str	r5, [r0, #48]
  54 000e 5860     		str	r0, [r3, #4]
  55 0010 0E46     		mov	r6, r1
  56 0012 FFF7FEFF 		bl	port_init
ARM GAS  /tmp/ccV7wokj.s 			page 2


  57 0016 04F12802 		add	r2, r4, #40
  58 001a C4E90A22 		strd	r2, r2, [r4, #40]
  59 001e 214A     		ldr	r2, .L6+4
  60 0020 E561     		str	r5, [r4, #28]
  61 0022 D169     		ldr	r1, [r2, #28]
  62 0024 A560     		str	r5, [r4, #8]
  63 0026 04F11003 		add	r3, r4, #16
  64 002a C4E90433 		strd	r3, r3, [r4, #16]
  65 002e 4FF0FF33 		mov	r3, #-1
  66 0032 0A46     		mov	r2, r1
  67 0034 A361     		str	r3, [r4, #24]
  68 0036 04F1B007 		add	r7, r4, #176
  69 003a 2B46     		mov	r3, r5
  70 003c C4E90823 		strd	r2, [r4, #32]
  71 0040 3846     		mov	r0, r7
  72 0042 C4E90044 		strd	r4, r4, [r4]
  73 0046 C4E92A55 		strd	r5, r5, [r4, #168]
  74 004a 6563     		str	r5, [r4, #52]
  75 004c C4F8A050 		str	r5, [r4, #160]
  76 0050 FFF7FEFF 		bl	chTMObjectInit
  77 0054 04F1C800 		add	r0, r4, #200
  78 0058 FFF7FEFF 		bl	chTMObjectInit
  79 005c 3846     		mov	r0, r7
  80 005e FFF7FEFF 		bl	chTMStartMeasurementX
  81 0062 04F14001 		add	r1, r4, #64
  82 0066 104A     		ldr	r2, .L6+8
  83 0068 8023     		movs	r3, #128
  84 006a 2046     		mov	r0, r4
  85 006c FFF7FEFF 		bl	__thd_object_init
  86 0070 0123     		movs	r3, #1
  87 0072 7268     		ldr	r2, [r6, #4]
  88 0074 E060     		str	r0, [r4, #12]
  89 0076 80F82430 		strb	r3, [r0, #36]
  90 007a 0262     		str	r2, [r0, #32]
  91 007c D6E90301 		ldrd	r0, r1, [r6, #12]
  92 0080 0A4A     		ldr	r2, .L6+12
  93 0082 0393     		str	r3, [sp, #12]
  94 0084 0A4B     		ldr	r3, .L6+16
  95 0086 0291     		str	r1, [sp, #8]
  96 0088 CDE90020 		strd	r2, r0, [sp]
  97 008c 0493     		str	r3, [sp, #16]
  98 008e 0595     		str	r5, [sp, #20]
  99 0090 FFF7FEFF 		bl	__thd_stackfill
 100 0094 6846     		mov	r0, sp
 101 0096 FFF7FEFF 		bl	chThdCreateI
 102 009a 07B0     		add	sp, sp, #28
 103              		@ sp needed
 104 009c F0BD     		pop	{r4, r5, r6, r7, pc}
 105              	.L7:
 106 009e 00BF     		.align	2
 107              	.L6:
 108 00a0 00000000 		.word	ch_system
 109 00a4 00000000 		.word	ch0
 110 00a8 00000000 		.word	ch_debug
 111 00ac 00000000 		.word	.LC0
 112 00b0 00000000 		.word	__idle_thread
 113              		.size	chInstanceObjectInit, .-chInstanceObjectInit
ARM GAS  /tmp/ccV7wokj.s 			page 3


 114              		.ident	"GCC: (15:10.3-2021.07-4) 10.3.1 20210621 (release)"
ARM GAS  /tmp/ccV7wokj.s 			page 4


DEFINED SYMBOLS
                            *ABS*:0000000000000000 chinstances.c
     /tmp/ccV7wokj.s:15     .text.__idle_thread:0000000000000000 $t
     /tmp/ccV7wokj.s:23     .text.__idle_thread:0000000000000000 __idle_thread
     /tmp/ccV7wokj.s:32     .rodata.chInstanceObjectInit.str1.4:0000000000000000 $d
     /tmp/ccV7wokj.s:36     .text.chInstanceObjectInit:0000000000000000 $t
     /tmp/ccV7wokj.s:44     .text.chInstanceObjectInit:0000000000000000 chInstanceObjectInit
     /tmp/ccV7wokj.s:108    .text.chInstanceObjectInit:00000000000000a0 $d

UNDEFINED SYMBOLS
port_init
chTMObjectInit
chTMStartMeasurementX
__thd_object_init
__thd_stackfill
chThdCreateI
ch_system
ch0
ch_debug
