ARM GAS  /tmp/ccymHI6w.s 			page 1


   1              		.cpu cortex-m4
   2              		.eabi_attribute 27, 1
   3              		.eabi_attribute 20, 1
   4              		.eabi_attribute 21, 1
   5              		.eabi_attribute 23, 3
   6              		.eabi_attribute 24, 1
   7              		.eabi_attribute 25, 1
   8              		.eabi_attribute 26, 1
   9              		.eabi_attribute 30, 2
  10              		.eabi_attribute 34, 1
  11              		.eabi_attribute 18, 4
  12              		.file	"hal_st.c"
  13              		.text
  14              		.section	.text.stInit,"ax",%progbits
  15              		.align	1
  16              		.p2align 4,,15
  17              		.global	stInit
  18              		.arch armv7e-m
  19              		.syntax unified
  20              		.thumb
  21              		.thumb_func
  22              		.fpu fpv4-sp-d16
  23              		.type	stInit, %function
  24              	stInit:
  25              		@ args = 0, pretend = 0, frame = 0
  26              		@ frame_needed = 0, uses_anonymous_args = 0
  27              		@ link register save eliminated.
  28 0000 FFF7FEBF 		b	st_lld_init
  29              		.size	stInit, .-stInit
  30              		.ident	"GCC: (15:10.3-2021.07-4) 10.3.1 20210621 (release)"
ARM GAS  /tmp/ccymHI6w.s 			page 2


DEFINED SYMBOLS
                            *ABS*:0000000000000000 hal_st.c
     /tmp/ccymHI6w.s:15     .text.stInit:0000000000000000 $t
     /tmp/ccymHI6w.s:24     .text.stInit:0000000000000000 stInit

UNDEFINED SYMBOLS
st_lld_init
